// Jest Snapshot v1, https://goo.gl/fbAQLP

exports[`Photolist is rendering matches snapshop 1`] = `[Function]`;
